apiVersion: v1
kind: ConfigMap
metadata:
  namespace: flux-system
  name: cluster-settings
  annotations:
    config.kubernetes.io/index: '0'
    config.kubernetes.io/path: 'cluster-settings.yaml'
    internal.config.kubernetes.io/index: '0'
    internal.config.kubernetes.io/path: 'cluster-settings.yaml'
data:
  CLUSTER: dev
  DOMAIN: example.org
