# serializer version: 1
# name: test_diff_ks[apps]
  ''
# ---
# name: test_diff_ks[ks-external]
  ''
# ---
# name: test_diff_ks[yaml-empty-sources]
  '''
  ---
  - kustomization_path: tests/testdata/cluster/apps/prod
    kind: Kustomization
    namespace: flux-system
    name: apps
    diffs:
    - kustomization_path: tests/testdata/cluster/apps/prod
      kind: Namespace
      namespace: flux-system
      name: podinfo
      diff: |-
        --- tests/testdata/cluster/apps/prod Kustomization: flux-system/apps Namespace: flux-system/podinfo
  
        +++ tests/testdata/cluster/apps/prod Kustomization: flux-system/apps Namespace: flux-system/podinfo
  
        @@ -1,9 +0,0 @@
  
        ----
        -apiVersion: v1
        -kind: Namespace
        -metadata:
        -  labels:
        -    kustomize.toolkit.fluxcd.io/name: apps
        -    kustomize.toolkit.fluxcd.io/namespace: flux-system
        -  name: podinfo
        -
    - kustomization_path: tests/testdata/cluster/apps/prod
      kind: HelmRelease
      namespace: podinfo
      name: podinfo
      diff: |-
        --- tests/testdata/cluster/apps/prod Kustomization: flux-system/apps HelmRelease: podinfo/podinfo
  
        +++ tests/testdata/cluster/apps/prod Kustomization: flux-system/apps HelmRelease: podinfo/podinfo
  
        @@ -1,39 +0,0 @@
  
        ----
        -apiVersion: helm.toolkit.fluxcd.io/v2beta1
        -kind: HelmRelease
        -metadata:
        -  labels:
        -    kustomize.toolkit.fluxcd.io/name: apps
        -    kustomize.toolkit.fluxcd.io/namespace: flux-system
        -  name: podinfo
        -  namespace: podinfo
        -spec:
        -  chart:
        -    spec:
        -      chart: podinfo
        -      sourceRef:
        -        kind: HelmRepository
        -        name: podinfo
        -        namespace: flux-system
        -      version: 6.3.2
        -  install:
        -    remediation:
        -      retries: 3
        -  interval: 50m
        -  releaseName: podinfo
        -  values:
        -    ingress:
        -      additionalLabels:
        -        cluster_label: example-value
        -      className: nginx
        -      enabled: true
        -      hosts:
        -      - host: podinfo.production
        -        paths:
        -        - path: /
        -          pathType: ImplementationSpecific
        -    redis:
        -      enabled: true
        -      repository: public.ecr.aws/docker/library/redis
        -      tag: 7.0.6
        -
    - kustomization_path: tests/testdata/cluster/apps/prod
      kind: ConfigMap
      namespace: podinfo
      name: podinfo-config
      diff: |-
        --- tests/testdata/cluster/apps/prod Kustomization: flux-system/apps ConfigMap: podinfo/podinfo-config
  
        +++ tests/testdata/cluster/apps/prod Kustomization: flux-system/apps ConfigMap: podinfo/podinfo-config
  
        @@ -1,12 +0,0 @@
  
        ----
        -apiVersion: v1
        -data:
        -  foo: bar
        -kind: ConfigMap
        -metadata:
        -  labels:
        -    kustomize.toolkit.fluxcd.io/name: apps
        -    kustomize.toolkit.fluxcd.io/namespace: flux-system
        -  name: podinfo-config
        -  namespace: podinfo
        -
    - kustomization_path: tests/testdata/cluster/apps/prod
      kind: Certificate
      namespace: flux-system
      name: example-com-staging
      diff: |-
        --- tests/testdata/cluster/apps/prod Kustomization: flux-system/apps Certificate: flux-system/example-com-staging
  
        +++ tests/testdata/cluster/apps/prod Kustomization: flux-system/apps Certificate: flux-system/example-com-staging
  
        @@ -1,18 +0,0 @@
  
        ----
        -apiVersion: cert-manager.io/v1
        -kind: Certificate
        -metadata:
        -  labels:
        -    kustomize.toolkit.fluxcd.io/name: apps
        -    kustomize.toolkit.fluxcd.io/namespace: flux-system
        -  name: example-com-staging
        -spec:
        -  commonName: example.com
        -  dnsNames:
        -  - example.com
        -  - '*.example.com'
        -  issuerRef:
        -    kind: ClusterIssuer
        -    name: letsencrypt-staging
        -  secretName: example-com-staging-tls
        -
    - kustomization_path: tests/testdata/cluster/apps/prod
      kind: Certificate
      namespace: flux-system
      name: other-com-staging
      diff: |-
        --- tests/testdata/cluster/apps/prod Kustomization: flux-system/apps Certificate: flux-system/other-com-staging
  
        +++ tests/testdata/cluster/apps/prod Kustomization: flux-system/apps Certificate: flux-system/other-com-staging
  
        @@ -1,19 +0,0 @@
  
        ----
        -apiVersion: cert-manager.io/v1
        -kind: Certificate
        -metadata:
        -  labels:
        -    kustomize.toolkit.fluxcd.io/name: apps
        -    kustomize.toolkit.fluxcd.io/namespace: flux-system
        -  name: other-com-staging
        -spec:
        -  commonName: other.com
        -  dnsNames:
        -  - other.com
        -  - '*.other.com'
        -  - example-value
        -  issuerRef:
        -    kind: ClusterIssuer
        -    name: letsencrypt-staging
        -  secretName: other-com-staging-tls
        -
    - kustomization_path: tests/testdata/cluster/apps/prod
      kind: Certificate
      namespace: flux-system
      name: -.PLACEHOLDER_SECRET_DOMAIN3..-staging
      diff: |-
        --- tests/testdata/cluster/apps/prod Kustomization: flux-system/apps Certificate: flux-system/-.PLACEHOLDER_SECRET_DOMAIN3..-staging
  
        +++ tests/testdata/cluster/apps/prod Kustomization: flux-system/apps Certificate: flux-system/-.PLACEHOLDER_SECRET_DOMAIN3..-staging
  
        @@ -1,18 +0,0 @@
  
        ----
        -apiVersion: cert-manager.io/v1
        -kind: Certificate
        -metadata:
        -  labels:
        -    kustomize.toolkit.fluxcd.io/name: apps
        -    kustomize.toolkit.fluxcd.io/namespace: flux-system
        -  name: -.PLACEHOLDER_SECRET_DOMAIN3..-staging
        -spec:
        -  commonName: ..PLACEHOLDER_SECRET_DOMAIN3..
        -  dnsNames:
        -  - ..PLACEHOLDER_SECRET_DOMAIN3..
        -  - '*...PLACEHOLDER_SECRET_DOMAIN3..'
        -  issuerRef:
        -    kind: ClusterIssuer
        -    name: letsencrypt-staging
        -  secretName: -.PLACEHOLDER_SECRET_DOMAIN3..-staging-tls
        -
    - kustomization_path: tests/testdata/cluster/apps/prod
      kind: Certificate
      namespace: flux-system
      name: -.PLACEHOLDER_SECRET_DOMAIN4..-staging
      diff: |-
        --- tests/testdata/cluster/apps/prod Kustomization: flux-system/apps Certificate: flux-system/-.PLACEHOLDER_SECRET_DOMAIN4..-staging
  
        +++ tests/testdata/cluster/apps/prod Kustomization: flux-system/apps Certificate: flux-system/-.PLACEHOLDER_SECRET_DOMAIN4..-staging
  
        @@ -1,18 +0,0 @@
  
        ----
        -apiVersion: cert-manager.io/v1
        -kind: Certificate
        -metadata:
        -  labels:
        -    kustomize.toolkit.fluxcd.io/name: apps
        -    kustomize.toolkit.fluxcd.io/namespace: flux-system
        -  name: -.PLACEHOLDER_SECRET_DOMAIN4..-staging
        -spec:
        -  commonName: ..PLACEHOLDER_SECRET_DOMAIN4..
        -  dnsNames:
        -  - ..PLACEHOLDER_SECRET_DOMAIN4..
        -  - '*...PLACEHOLDER_SECRET_DOMAIN4..'
        -  issuerRef:
        -    kind: ClusterIssuer
        -    name: letsencrypt-staging
        -  secretName: -.PLACEHOLDER_SECRET_DOMAIN4..-staging-tls
        -
  
  
  '''
# ---
# name: test_diff_ks[yaml-limit]
  ''
# ---
# name: test_diff_ks[yaml]
  ''
# ---
