# serializer version: 1
# name: test_build_hr[build-hr-cluster10-invalid-paths]
  ''
# ---
# name: test_build_hr[build-hr-cluster3]
  ''
# ---
# name: test_build_hr[build-hr-single-cluster6]
  ''
# ---
# name: test_build_hr[build-hr-single-cluster8]
  ''
# ---
# name: test_build_hr[build-hr-single-cluster9]
  ''
# ---
# name: test_build_hr[build-hr-single]
  ''
# ---
# name: test_build_hr[build-hr]
  ''
# ---
